
Allocating common symbols
Common symbol       size              file

excep_ptr           0x4               startup/m4_functions.o29288
slave               0x1               startup/i2c.o29288

Memory Configuration

Name             Origin             Length             Attributes
m4_0_intvec      0x000000001e000000 0x0000000000002000
TCM_CODE         0x000000001e002000 0x0000000000006000
TCM_DATA         0x000000003e000000 0x0000000000008000
*default*        0x0000000000000000 0xffffffffffffffff

Linker script and memory map

LOAD startup/crt0_m4_0.o29288
LOAD startup/linflex_serial.o29288
LOAD startup/m4_functions.o29288
LOAD startup/pll.o29288
LOAD startup/printf.o29288
LOAD startup/SetupLPDDR2.o29288
LOAD startup/qspi_driver.o29288
LOAD startup/i2c.o29288
LOAD startup/MIPI.o29288
LOAD startup/HDMI.o29288
LOAD startup/SetupDDR3.o29288
LOAD main.o29288
                0x0000000000002000                STACK_SIZE = DEFINED (__stack_size__)?__stack_size__:0x2000
                0x0000000000002000                HEAP_SIZE = DEFINED (__heap_size__)?__heap_size__:0x2000

.intvec         0x000000001e000000        0x0
                0x000000001e000000                M4_0_VECTOR_TABLE = .
                0x000000001e000000                M4_0_VECTOR_RAM = .
 *(.intvec*)
                0x0000000000002000                M4_0_VECTOR_SIZE = 0x2000

.init
 *(.init)

.text           0x000000001e002000     0x4ba8
 *(.text*)
 .text          0x000000001e002000       0x84 startup/crt0_m4_0.o29288
                0x000000001e002000                _start_cm4_0
                0x000000001e00206e                _exit
                0x000000001e002070                interrupt_enable
                0x000000001e002074                m4_hard_fault_handler
 .text          0x000000001e002084      0x158 startup/linflex_serial.o29288
                0x000000001e002084                LinFlex0_Init
                0x000000001e0020e8                sci_0_getchar
                0x000000001e002130                sci_0_putchar
                0x000000001e002180                ConfigureSciPins
                0x000000001e0021b0                Linflex_SetSpeed
 .text          0x000000001e0021dc      0x118 startup/m4_functions.o29288
                0x000000001e0021dc                m4_hard_fault_routine
 .text          0x000000001e0022f4      0xc10 startup/pll.o29288
                0x000000001e0022f4                pll_init
                0x000000001e002e7c                clkout_settings
 .text          0x000000001e002f04      0x85c startup/printf.o29288
                0x000000001e002f04                strlen
                0x000000001e0030f4                printk
                0x000000001e0036e0                printf
                0x000000001e003718                sprintf
 .text          0x000000001e003760      0x840 startup/SetupLPDDR2.o29288
                0x000000001e003760                lpddr_config_SIUL
                0x000000001e003d3c                probe_lpddr2
                0x000000001e003dec                config_lpddr2
 .text          0x000000001e003fa0      0x878 startup/qspi_driver.o29288
                0x000000001e003fa0                QSPI_setup_hyp
                0x000000001e004130                quadspi_erase_hyp
                0x000000001e0041b0                quadspi_program_word_hyp
                0x000000001e004208                quadspi_program_hyp
                0x000000001e004364                quadspi_read_hyp
                0x000000001e004398                quadspi_read_ip_hyp
                0x000000001e0044b0                quadspi_status_hyp
                0x000000001e004548                quadspi_send_instruction_hyp
                0x000000001e0045b4                quadspi_set_lut
                0x000000001e004620                quadspi_id_entry_hyp
                0x000000001e0046e8                quadspi_cfi_entry_hyp
                0x000000001e0047ec                quadspi_cfi_read_hyp
 .text          0x000000001e004818      0xa38 startup/i2c.o29288
                0x000000001e004818                I2C_Pin_Init
                0x000000001e004a70                I2C_Init_Config
                0x000000001e004b5c                I2C_start
                0x000000001e004cf4                I2C_write
                0x000000001e004df8                I2C_read
                0x000000001e005014                I2C_stop
                0x000000001e005118                I2C8_TX
                0x000000001e005170                I2C_Tx
                0x000000001e0051e4                I2C_Rx
 .text          0x000000001e005250       0xe8 startup/MIPI.o29288
                0x000000001e005250                MIPI_trig_execute
                0x000000001e005278                MIPI_init
 .text          0x000000001e005338      0x134 startup/HDMI.o29288
                0x000000001e005338                HDMI_configuration
 .text          0x000000001e00546c     0x121c startup/SetupDDR3.o29288
                0x000000001e00546c                ddr3_config_SIUL
                0x000000001e006514                config_ddr3
 .text          0x000000001e006688      0x520 main.o29288
                0x000000001e006688                main
                0x000000001e006864                mode_init
                0x000000001e006934                mode_enter
                0x000000001e006990                axbs_settings
                0x000000001e006a38                xrdc_settings
                0x000000001e006a50                peripherals_clock_enable
                0x000000001e006ba0                m4_stop

.glue_7         0x000000001e006ba8        0x0
 .glue_7        0x0000000000000000        0x0 linker stubs

.glue_7t        0x000000001e006ba8        0x0
 .glue_7t       0x0000000000000000        0x0 linker stubs

.vfp11_veneer   0x000000001e006ba8        0x0
 .vfp11_veneer  0x0000000000000000        0x0 linker stubs

.v4_bx          0x000000001e006ba8        0x0
 .v4_bx         0x0000000000000000        0x0 linker stubs

.iplt           0x000000001e006ba8        0x0
 .iplt          0x0000000000000000        0x0 startup/crt0_m4_0.o29288

.syscall
 *(.syscall*)

.secinfo
 *(.secinfo*)

.fini
 *(.fini*)

.eh_frame
 *(.eh_frame*)

.init_array
 *(.init_array*)

.jcr
 *(.jcr*)

.ARM.exidx
 *(..ARM.exidx*)

.rodata         0x000000001e006ba8       0x10
 *(.rodata*)
 .rodata        0x000000001e006ba8       0x10 main.o29288

.rel.dyn        0x000000001e006bb8        0x0
 .rel.iplt      0x0000000000000000        0x0 startup/crt0_m4_0.o29288

.sdabase
 *(.sdabase*)

.sdata
 *(.sdata*)

.sdata2
 *(.sdata2*)

.sbss
 *(.sbss*)

.data           0x000000001e006bc0        0x0
                0x000000001e006bc0                DATA_SRAM = .
                0x000000001e006bc0                DATA_ROM = .
 *(.data*)
 .data          0x000000001e006bc0        0x0 startup/crt0_m4_0.o29288
 .data          0x000000001e006bc0        0x0 startup/linflex_serial.o29288
 .data          0x000000001e006bc0        0x0 startup/m4_functions.o29288
 .data          0x000000001e006bc0        0x0 startup/pll.o29288
 .data          0x000000001e006bc0        0x0 startup/printf.o29288
 .data          0x000000001e006bc0        0x0 startup/SetupLPDDR2.o29288
 .data          0x000000001e006bc0        0x0 startup/qspi_driver.o29288
 .data          0x000000001e006bc0        0x0 startup/i2c.o29288
 .data          0x000000001e006bc0        0x0 startup/MIPI.o29288
 .data          0x000000001e006bc0        0x0 startup/HDMI.o29288
 .data          0x000000001e006bc0        0x0 startup/SetupDDR3.o29288
 .data          0x000000001e006bc0        0x0 main.o29288
                0x000000001e006bc0                DATA_ROM_END = .

.igot.plt       0x000000001e006bc0        0x0
 .igot.plt      0x0000000000000000        0x0 startup/crt0_m4_0.o29288

.bss            0x000000001e006bc0        0x9
                0x000000001e006bc0                _BSS_BEGIN = .
                0x000000001e006bc0                __bss_start__ = .
 *(.bss*)
 .bss           0x000000001e006bc0        0x0 startup/crt0_m4_0.o29288
 .bss           0x000000001e006bc0        0x0 startup/linflex_serial.o29288
 .bss           0x000000001e006bc0        0x4 startup/m4_functions.o29288
                0x000000001e006bc0                hard_fault_num
 .bss           0x000000001e006bc4        0x0 startup/pll.o29288
 .bss           0x000000001e006bc4        0x0 startup/printf.o29288
 .bss           0x000000001e006bc4        0x0 startup/SetupLPDDR2.o29288
 .bss           0x000000001e006bc4        0x0 startup/qspi_driver.o29288
 .bss           0x000000001e006bc4        0x0 startup/i2c.o29288
 .bss           0x000000001e006bc4        0x0 startup/MIPI.o29288
 .bss           0x000000001e006bc4        0x0 startup/HDMI.o29288
 .bss           0x000000001e006bc4        0x0 startup/SetupDDR3.o29288
 .bss           0x000000001e006bc4        0x0 main.o29288
 *(COMMON)
 COMMON         0x000000001e006bc4        0x4 startup/m4_functions.o29288
                0x000000001e006bc4                excep_ptr
 COMMON         0x000000001e006bc8        0x1 startup/i2c.o29288
                0x000000001e006bc8                slave
                0x000000001e006bc9                __bss_end__ = .
                0x000000001e006bc9                _BSS_END = .

.CodeRelocateRam
                0x000000001e006bc9        0x0
                0x000000001e006bc9                CODE_RELOCATE_SRAM = .
                0x000000001e006bc9                CODE_RELOCATE_ROM = .
 *(.CodeRelocateRam*)
                0x000000001e006bc9                CODE_RELOCATE_ROM_END = .

.heap           0x000000003e000000     0x2000
                0x000000003e000000                . = ALIGN (0x8)
                0x000000003e000000                __end__ = .
                0x000000003e000000                _end = .
                0x000000003e000000                PROVIDE (end, .)
                0x000000003e002000                . = (. + HEAP_SIZE)
 *fill*         0x000000003e000000     0x2000 

.stack          0x000000003e002000     0x2000
                0x000000003e002000                . = ALIGN (0x8)
                0x000000003e004000                . = (. + STACK_SIZE)
 *fill*         0x000000003e002000     0x2000 
                0x000000003e004000                __CM4_0_STACK_ADDRESS = .
OUTPUT(binary29288.elf elf32-littlearm)

.ARM.attributes
                0x0000000000000000       0x2e
 .ARM.attributes
                0x0000000000000000       0x20 startup/crt0_m4_0.o29288
 .ARM.attributes
                0x0000000000000020       0x37 startup/linflex_serial.o29288
 .ARM.attributes
                0x0000000000000057       0x37 startup/m4_functions.o29288
 .ARM.attributes
                0x000000000000008e       0x37 startup/pll.o29288
 .ARM.attributes
                0x00000000000000c5       0x37 startup/printf.o29288
 .ARM.attributes
                0x00000000000000fc       0x37 startup/SetupLPDDR2.o29288
 .ARM.attributes
                0x0000000000000133       0x37 startup/qspi_driver.o29288
 .ARM.attributes
                0x000000000000016a       0x37 startup/i2c.o29288
 .ARM.attributes
                0x00000000000001a1       0x37 startup/MIPI.o29288
 .ARM.attributes
                0x00000000000001d8       0x37 startup/HDMI.o29288
 .ARM.attributes
                0x000000000000020f       0x37 startup/SetupDDR3.o29288
 .ARM.attributes
                0x0000000000000246       0x37 main.o29288

.comment        0x0000000000000000       0x3c
 .comment       0x0000000000000000       0x3c startup/linflex_serial.o29288
                                         0x3d (size before relaxing)
 .comment       0x0000000000000000       0x3d startup/m4_functions.o29288
 .comment       0x0000000000000000       0x3d startup/pll.o29288
 .comment       0x0000000000000000       0x3d startup/printf.o29288
 .comment       0x0000000000000000       0x3d startup/SetupLPDDR2.o29288
 .comment       0x0000000000000000       0x3d startup/qspi_driver.o29288
 .comment       0x0000000000000000       0x3d startup/i2c.o29288
 .comment       0x0000000000000000       0x3d startup/MIPI.o29288
 .comment       0x0000000000000000       0x3d startup/HDMI.o29288
 .comment       0x0000000000000000       0x3d startup/SetupDDR3.o29288
 .comment       0x0000000000000000       0x3d main.o29288

.debug_line     0x0000000000000000     0x11dc
 .debug_line    0x0000000000000000       0x72 startup/crt0_m4_0.o29288
 .debug_line    0x0000000000000072       0xc4 startup/linflex_serial.o29288
 .debug_line    0x0000000000000136       0xa5 startup/m4_functions.o29288
 .debug_line    0x00000000000001db      0x1eb startup/pll.o29288
 .debug_line    0x00000000000003c6      0x21d startup/printf.o29288
 .debug_line    0x00000000000005e3      0x20d startup/SetupLPDDR2.o29288
 .debug_line    0x00000000000007f0      0x23d startup/qspi_driver.o29288
 .debug_line    0x0000000000000a2d      0x2b9 startup/i2c.o29288
 .debug_line    0x0000000000000ce6       0xa1 startup/MIPI.o29288
 .debug_line    0x0000000000000d87       0x63 startup/HDMI.o29288
 .debug_line    0x0000000000000dea      0x2c9 startup/SetupDDR3.o29288
 .debug_line    0x00000000000010b3      0x129 main.o29288

.debug_info     0x0000000000000000    0x210b2
 .debug_info    0x0000000000000000       0x88 startup/crt0_m4_0.o29288
 .debug_info    0x0000000000000088     0x24d7 startup/linflex_serial.o29288
 .debug_info    0x000000000000255f     0x19b2 startup/m4_functions.o29288
 .debug_info    0x0000000000003f11     0x7d01 startup/pll.o29288
 .debug_info    0x000000000000bc12      0x4d4 startup/printf.o29288
 .debug_info    0x000000000000c0e6     0x4005 startup/SetupLPDDR2.o29288
 .debug_info    0x00000000000100eb     0x47fa startup/qspi_driver.o29288
 .debug_info    0x00000000000148e5     0x1b36 startup/i2c.o29288
 .debug_info    0x000000000001641b     0x1707 startup/MIPI.o29288
 .debug_info    0x0000000000017b22       0x68 startup/HDMI.o29288
 .debug_info    0x0000000000017b8a     0x3f71 startup/SetupDDR3.o29288
 .debug_info    0x000000000001bafb     0x55b7 main.o29288

.debug_abbrev   0x0000000000000000     0x109b
 .debug_abbrev  0x0000000000000000       0x14 startup/crt0_m4_0.o29288
 .debug_abbrev  0x0000000000000014      0x188 startup/linflex_serial.o29288
 .debug_abbrev  0x000000000000019c      0x130 startup/m4_functions.o29288
 .debug_abbrev  0x00000000000002cc      0x172 startup/pll.o29288
 .debug_abbrev  0x000000000000043e      0x1df startup/printf.o29288
 .debug_abbrev  0x000000000000061d      0x16a startup/SetupLPDDR2.o29288
 .debug_abbrev  0x0000000000000787      0x21b startup/qspi_driver.o29288
 .debug_abbrev  0x00000000000009a2      0x1d3 startup/i2c.o29288
 .debug_abbrev  0x0000000000000b75      0x113 startup/MIPI.o29288
 .debug_abbrev  0x0000000000000c88       0x42 startup/HDMI.o29288
 .debug_abbrev  0x0000000000000cca      0x15f startup/SetupDDR3.o29288
 .debug_abbrev  0x0000000000000e29      0x272 main.o29288

.debug_aranges  0x0000000000000000      0x180
 .debug_aranges
                0x0000000000000000       0x20 startup/crt0_m4_0.o29288
 .debug_aranges
                0x0000000000000020       0x20 startup/linflex_serial.o29288
 .debug_aranges
                0x0000000000000040       0x20 startup/m4_functions.o29288
 .debug_aranges
                0x0000000000000060       0x20 startup/pll.o29288
 .debug_aranges
                0x0000000000000080       0x20 startup/printf.o29288
 .debug_aranges
                0x00000000000000a0       0x20 startup/SetupLPDDR2.o29288
 .debug_aranges
                0x00000000000000c0       0x20 startup/qspi_driver.o29288
 .debug_aranges
                0x00000000000000e0       0x20 startup/i2c.o29288
 .debug_aranges
                0x0000000000000100       0x20 startup/MIPI.o29288
 .debug_aranges
                0x0000000000000120       0x20 startup/HDMI.o29288
 .debug_aranges
                0x0000000000000140       0x20 startup/SetupDDR3.o29288
 .debug_aranges
                0x0000000000000160       0x20 main.o29288

.debug_str      0x0000000000000000     0x9697
 .debug_str     0x0000000000000000     0x1170 startup/linflex_serial.o29288
                                       0x11ec (size before relaxing)
 .debug_str     0x0000000000001170      0x93e startup/m4_functions.o29288
                                        0xa9b (size before relaxing)
 .debug_str     0x0000000000001aae     0x3d6c startup/pll.o29288
                                       0x48cb (size before relaxing)
 .debug_str     0x000000000000581a      0x12c startup/printf.o29288
                                        0x22a (size before relaxing)
 .debug_str     0x0000000000005946     0x1d6a startup/SetupLPDDR2.o29288
                                       0x2886 (size before relaxing)
 .debug_str     0x00000000000076b0      0xae8 startup/qspi_driver.o29288
                                       0x26dd (size before relaxing)
 .debug_str     0x0000000000008198      0x252 startup/i2c.o29288
                                        0xd6b (size before relaxing)
 .debug_str     0x00000000000083ea      0xc10 startup/MIPI.o29288
                                        0xd54 (size before relaxing)
 .debug_str     0x0000000000008ffa       0x22 startup/HDMI.o29288
                                        0x13f (size before relaxing)
 .debug_str     0x000000000000901c       0x31 startup/SetupDDR3.o29288
                                       0x2855 (size before relaxing)
 .debug_str     0x000000000000904d      0x64a main.o29288
                                       0x2bad (size before relaxing)

.debug_frame    0x0000000000000000      0x81c
 .debug_frame   0x0000000000000000       0xbc startup/linflex_serial.o29288
 .debug_frame   0x00000000000000bc       0x38 startup/m4_functions.o29288
 .debug_frame   0x00000000000000f4       0x60 startup/pll.o29288
 .debug_frame   0x0000000000000154      0x168 startup/printf.o29288
 .debug_frame   0x00000000000002bc       0x84 startup/SetupLPDDR2.o29288
 .debug_frame   0x0000000000000340      0x1a4 startup/qspi_driver.o29288
 .debug_frame   0x00000000000004e4      0x16c startup/i2c.o29288
 .debug_frame   0x0000000000000650       0x50 startup/MIPI.o29288
 .debug_frame   0x00000000000006a0       0x2c startup/HDMI.o29288
 .debug_frame   0x00000000000006cc       0x60 startup/SetupDDR3.o29288
 .debug_frame   0x000000000000072c       0xf0 main.o29288
